// Jest Snapshot v1, https://goo.gl/fbAQLP

exports[`the sprite maker provider props exists 1`] = `
Object {
  "defaultGrid": Array [
    Array [
      0,
      0,
      0,
      0,
      0,
      0,
      0,
      0,
    ],
    Array [
      0,
      0,
      0,
      0,
      0,
      0,
      0,
      0,
    ],
    Array [
      0,
      0,
      0,
      0,
      0,
      0,
      0,
      0,
    ],
    Array [
      0,
      0,
      0,
      0,
      0,
      0,
      0,
      0,
    ],
    Array [
      0,
      0,
      0,
      0,
      0,
      0,
      0,
      0,
    ],
    Array [
      0,
      0,
      0,
      0,
      0,
      0,
      0,
      0,
    ],
    Array [
      0,
      0,
      0,
      0,
      0,
      0,
      0,
      0,
    ],
    Array [
      0,
      0,
      0,
      0,
      0,
      0,
      0,
      0,
    ],
  ],
  "getHex": [Function],
  "sprite": "0000000000000000",
}
`;
