// Vitest Snapshot v1, https://vitest.dev/guide/snapshot.html

exports[`the color picker > renders as expected 1`] = `
<DocumentFragment>
  <div
    style="display: flex; flex-wrap: wrap; justify-content: center; width: 100%;"
  >
    <div
      class="sc-bRKDuR hXlXbx"
      data-testid="tile"
    >
      Black
    </div>
    <div
      class="sc-bRKDuR jWKCBP"
      data-testid="tile"
    >
      Green
    </div>
    <div
      class="sc-bRKDuR colApx"
      data-testid="tile"
    >
      Light Green
    </div>
    <div
      class="sc-bRKDuR cNGPMZ"
      data-testid="tile"
    >
      Blue
    </div>
    <div
      class="sc-bRKDuR iPtQHy"
      data-testid="tile"
    >
      Light Blue
    </div>
    <div
      class="sc-bRKDuR jxorSC"
      data-testid="tile"
    >
      Dark Red
    </div>
    <div
      class="sc-bRKDuR gMNKDf"
      data-testid="tile"
    >
      Cyan
    </div>
    <div
      class="sc-bRKDuR hcAXVd"
      data-testid="tile"
    >
      Red
    </div>
    <div
      class="sc-bRKDuR bTLdGk"
      data-testid="tile"
    >
      Light Red
    </div>
    <div
      class="sc-bRKDuR fkATUq"
      data-testid="tile"
    >
      Dark Yellow
    </div>
    <div
      class="sc-bRKDuR eIIEBk"
      data-testid="tile"
    >
      Light Yellow
    </div>
    <div
      class="sc-bRKDuR jyDSEJ"
      data-testid="tile"
    >
      Dark Green
    </div>
    <div
      class="sc-bRKDuR beUAFP"
      data-testid="tile"
    >
      Magenta
    </div>
    <div
      class="sc-bRKDuR fsjcxV"
      data-testid="tile"
    >
      Gray
    </div>
    <div
      class="sc-bRKDuR gcGxZp"
      data-testid="tile"
    >
      White
    </div>
  </div>
</DocumentFragment>
`;
